// Jest Snapshot v1, https://goo.gl/fbAQLP

exports[`delete_user.vue is a Vue instance 1`] = `
<button
  class="delete"
>
  Delete
</button>
`;
