// Jest Snapshot v1, https://goo.gl/fbAQLP

exports[`delete_task.vue is a Vue instance 1`] = `
<div>
  <button>
    Delete
  </button>
</div>
`;
